---
http_interactions:
- request:
    method: post
    uri: https://api.easypost.com/v2/webhooks
    body:
      encoding: UTF-8
      string: '{"webhook":{"url":"http://example.com"}}'
    headers:
      Accept-Encoding:
      - gzip;q=1.0,deflate;q=0.6,identity;q=0.3
      Accept:
      - "*/*"
      User-Agent: "<REDACTED>"
      Host:
      - api.easypost.com
      Content-Type:
      - application/json
      Authorization: "<REDACTED>"
  response:
    status:
      code: 201
      message: Created
    headers:
      X-Frame-Options:
      - SAMEORIGIN
      X-Xss-Protection:
      - 1; mode=block
      X-Content-Type-Options:
      - nosniff
      X-Download-Options:
      - noopen
      X-Permitted-Cross-Domain-Policies:
      - none
      Referrer-Policy:
      - strict-origin-when-cross-origin
      X-Ep-Request-Uuid:
      - d044fa7966a7db3ae799e583005a675d
      Cache-Control:
      - private, no-cache, no-store
      Pragma:
      - no-cache
      Expires:
      - '0'
      Content-Type:
      - application/json; charset=utf-8
      X-Runtime:
      - '0.179062'
      Transfer-Encoding:
      - chunked
      X-Node:
      - bigweb42nuq
      X-Version-Label:
      - easypost-202407291746-57ea285141-master
      X-Backend:
      - easypost
      X-Proxied:
      - extlb1nuq fa152d4755
      - intlb4nuq c0f5e722d1
      Strict-Transport-Security:
      - max-age=31536000; includeSubDomains; preload
    body:
      encoding: UTF-8
      string: '{"id":"hook_ec7c7ae44dd511ef9b1b77de71d08218","object":"Webhook","mode":"test","url":"http://example.com","created_at":"2024-07-29T18:11:06Z","disabled_at":null}'
  recorded_at: Mon, 29 Jul 2024 18:11:06 GMT
- request:
    method: get
    uri: https://api.easypost.com/v2/webhooks/hook_ec7c7ae44dd511ef9b1b77de71d08218
    body:
      encoding: US-ASCII
      string: ''
    headers:
      Accept-Encoding:
      - gzip;q=1.0,deflate;q=0.6,identity;q=0.3
      Accept:
      - "*/*"
      User-Agent: "<REDACTED>"
      Host:
      - api.easypost.com
      Content-Type:
      - application/json
      Authorization: "<REDACTED>"
  response:
    status:
      code: 200
      message: OK
    headers:
      X-Frame-Options:
      - SAMEORIGIN
      X-Xss-Protection:
      - 1; mode=block
      X-Content-Type-Options:
      - nosniff
      X-Download-Options:
      - noopen
      X-Permitted-Cross-Domain-Policies:
      - none
      Referrer-Policy:
      - strict-origin-when-cross-origin
      X-Ep-Request-Uuid:
      - d044fa7a66a7db3ae799e584005a67f2
      Cache-Control:
      - private, no-cache, no-store
      Pragma:
      - no-cache
      Expires:
      - '0'
      Content-Type:
      - application/json; charset=utf-8
      X-Runtime:
      - '0.073153'
      Transfer-Encoding:
      - chunked
      X-Node:
      - bigweb39nuq
      X-Version-Label:
      - easypost-202407291746-57ea285141-master
      X-Backend:
      - easypost
      X-Proxied:
      - extlb1nuq fa152d4755
      - intlb3nuq c0f5e722d1
      Strict-Transport-Security:
      - max-age=31536000; includeSubDomains; preload
    body:
      encoding: UTF-8
      string: '{"id":"hook_ec7c7ae44dd511ef9b1b77de71d08218","object":"Webhook","mode":"test","url":"http://example.com","created_at":"2024-07-29T18:11:06Z","disabled_at":null}'
  recorded_at: Mon, 29 Jul 2024 18:11:06 GMT
- request:
    method: delete
    uri: https://api.easypost.com/v2/webhooks/hook_ec7c7ae44dd511ef9b1b77de71d08218
    body:
      encoding: US-ASCII
      string: ''
    headers:
      Accept-Encoding:
      - gzip;q=1.0,deflate;q=0.6,identity;q=0.3
      Accept:
      - "*/*"
      User-Agent: "<REDACTED>"
      Host:
      - api.easypost.com
      Content-Type:
      - application/json
      Authorization: "<REDACTED>"
  response:
    status:
      code: 200
      message: OK
    headers:
      X-Frame-Options:
      - SAMEORIGIN
      X-Xss-Protection:
      - 1; mode=block
      X-Content-Type-Options:
      - nosniff
      X-Download-Options:
      - noopen
      X-Permitted-Cross-Domain-Policies:
      - none
      Referrer-Policy:
      - strict-origin-when-cross-origin
      X-Ep-Request-Uuid:
      - d044fa7566a7db3be799e585005a6858
      Cache-Control:
      - private, no-cache, no-store
      Pragma:
      - no-cache
      Expires:
      - '0'
      Content-Type:
      - application/json; charset=utf-8
      X-Runtime:
      - '0.367208'
      Transfer-Encoding:
      - chunked
      X-Node:
      - bigweb53nuq
      X-Version-Label:
      - easypost-202407291746-57ea285141-master
      X-Backend:
      - easypost
      X-Proxied:
      - extlb1nuq fa152d4755
      - intlb3nuq c0f5e722d1
      Strict-Transport-Security:
      - max-age=31536000; includeSubDomains; preload
    body:
      encoding: UTF-8
      string: "{}"
  recorded_at: Mon, 29 Jul 2024 18:11:07 GMT
recorded_with: VCR 6.1.0
