---
http_interactions:
- request:
    method: post
    uri: https://api.easypost.com/v2/carrier_accounts
    body:
      encoding: UTF-8
      string: '{"carrier_account":{"type":"DhlEcsAccount","credentials":{"client_id":"123456","client_secret":"123abc","distribution_center":"USLAX1","pickup_id":"123456"},"test_credentials":{"client_id":"123456","client_secret":"123abc","distribution_center":"USLAX1","pickup_id":"123456"}}}'
    headers:
      Accept-Encoding:
      - gzip;q=1.0,deflate;q=0.6,identity;q=0.3
      Accept:
      - "*/*"
      User-Agent: "<REDACTED>"
      Host:
      - api.easypost.com
      Content-Type:
      - application/json
      Authorization: "<REDACTED>"
  response:
    status:
      code: 201
      message: Created
    headers:
      X-Frame-Options:
      - SAMEORIGIN
      X-Xss-Protection:
      - 1; mode=block
      X-Content-Type-Options:
      - nosniff
      X-Download-Options:
      - noopen
      X-Permitted-Cross-Domain-Policies:
      - none
      Referrer-Policy:
      - strict-origin-when-cross-origin
      X-Ep-Request-Uuid:
      - e77cdde565b00a41e787d5880006fffd
      Cache-Control:
      - private, no-cache, no-store
      Pragma:
      - no-cache
      Expires:
      - '0'
      Content-Type:
      - application/json; charset=utf-8
      X-Runtime:
      - '0.116350'
      Transfer-Encoding:
      - chunked
      X-Node:
      - bigweb43nuq
      X-Version-Label:
      - easypost-202401222120-581bacedf7-master
      X-Backend:
      - easypost
      X-Canary:
      - direct
      X-Proxied:
      - extlb2nuq 003ad9bca0
      - intlb2nuq 1a7e326d32
      Strict-Transport-Security:
      - max-age=31536000; includeSubDomains; preload
    body:
      encoding: UTF-8
      string: '{"id":"ca_4656b98b14114641a249ce9def4f2981","object":"CarrierAccount","type":"DhlEcsAccount","clone":false,"created_at":"2024-01-23T18:49:37Z","updated_at":"2024-01-23T18:49:37Z","description":"DHL
        eCommerce Solutions Account","reference":null,"billing_type":"carrier","readable":"DHL
        eCommerce Solutions","logo":null,"fields":[],"credentials":{},"test_credentials":{}}'
  recorded_at: Tue, 23 Jan 2024 18:49:38 GMT
- request:
    method: get
    uri: https://api.easypost.com/v2/carrier_accounts/ca_4656b98b14114641a249ce9def4f2981
    body:
      encoding: US-ASCII
      string: ''
    headers:
      Accept-Encoding:
      - gzip;q=1.0,deflate;q=0.6,identity;q=0.3
      Accept:
      - "*/*"
      User-Agent: "<REDACTED>"
      Host:
      - api.easypost.com
      Content-Type:
      - application/json
      Authorization: "<REDACTED>"
  response:
    status:
      code: 200
      message: OK
    headers:
      X-Frame-Options:
      - SAMEORIGIN
      X-Xss-Protection:
      - 1; mode=block
      X-Content-Type-Options:
      - nosniff
      X-Download-Options:
      - noopen
      X-Permitted-Cross-Domain-Policies:
      - none
      Referrer-Policy:
      - strict-origin-when-cross-origin
      X-Ep-Request-Uuid:
      - e77cdde565b00a42e787d5a00007004d
      Cache-Control:
      - private, no-cache, no-store
      Pragma:
      - no-cache
      Expires:
      - '0'
      Content-Type:
      - application/json; charset=utf-8
      X-Runtime:
      - '0.034223'
      Transfer-Encoding:
      - chunked
      X-Node:
      - bigweb32nuq
      X-Version-Label:
      - easypost-202401222120-581bacedf7-master
      X-Backend:
      - easypost
      X-Canary:
      - direct
      X-Proxied:
      - extlb2nuq 003ad9bca0
      - intlb1nuq 1a7e326d32
      Strict-Transport-Security:
      - max-age=31536000; includeSubDomains; preload
    body:
      encoding: UTF-8
      string: '{"id":"ca_4656b98b14114641a249ce9def4f2981","object":"CarrierAccount","type":"DhlEcsAccount","clone":false,"created_at":"2024-01-23T18:49:37Z","updated_at":"2024-01-23T18:49:37Z","description":"DHL
        eCommerce Solutions Account","reference":null,"billing_type":"carrier","readable":"DHL
        eCommerce Solutions","logo":null,"fields":[],"credentials":{},"test_credentials":{}}'
  recorded_at: Tue, 23 Jan 2024 18:49:38 GMT
- request:
    method: delete
    uri: https://api.easypost.com/v2/carrier_accounts/ca_4656b98b14114641a249ce9def4f2981
    body:
      encoding: US-ASCII
      string: ''
    headers:
      Accept-Encoding:
      - gzip;q=1.0,deflate;q=0.6,identity;q=0.3
      Accept:
      - "*/*"
      User-Agent: "<REDACTED>"
      Host:
      - api.easypost.com
      Content-Type:
      - application/json
      Authorization: "<REDACTED>"
  response:
    status:
      code: 200
      message: OK
    headers:
      X-Frame-Options:
      - SAMEORIGIN
      X-Xss-Protection:
      - 1; mode=block
      X-Content-Type-Options:
      - nosniff
      X-Download-Options:
      - noopen
      X-Permitted-Cross-Domain-Policies:
      - none
      Referrer-Policy:
      - strict-origin-when-cross-origin
      X-Ep-Request-Uuid:
      - e77cdde865b00a42e787d5a100070088
      Cache-Control:
      - private, no-cache, no-store
      Pragma:
      - no-cache
      Expires:
      - '0'
      Content-Type:
      - application/json; charset=utf-8
      X-Runtime:
      - '0.114729'
      Transfer-Encoding:
      - chunked
      X-Node:
      - bigweb42nuq
      X-Version-Label:
      - easypost-202401222120-581bacedf7-master
      X-Backend:
      - easypost
      X-Proxied:
      - extlb2nuq 003ad9bca0
      - intlb2nuq 1a7e326d32
      Strict-Transport-Security:
      - max-age=31536000; includeSubDomains; preload
    body:
      encoding: UTF-8
      string: "{}"
  recorded_at: Tue, 23 Jan 2024 18:49:38 GMT
recorded_with: VCR 6.2.0
