---
http_interactions:
- request:
    method: post
    uri: https://api.easypost.com/v2/shipments
    body:
      encoding: UTF-8
      string: '{"shipment":{"from_address":{"name":"Jack Sparrow","street1":"388 Townsend
        St","street2":"Apt 20","city":"San Francisco","state":"CA","zip":"94107","country":"US","email":"test@example.com","phone":"5555555555"},"to_address":{"name":"Elizabeth
        Swan","street1":"179 N Harbor Dr","city":"Redondo Beach","state":"CA","zip":"90277","country":"US","email":"test@example.com","phone":"5555555555"},"parcel":{"length":10,"width":8,"height":4,"weight":15.4},"customs_info":{"eel_pfc":"NOEEI
        30.37(a)","customs_certify":true,"customs_signer":"Steve Brule","contents_type":"merchandise","contents_explanation":"","restriction_type":"none","non_delivery_option":"return","customs_items":[{"description":"Sweet
        shirts","quantity":2,"weight":11,"value":23.25,"hs_tariff_number":"654321","origin_country":"US"}]},"options":{"label_format":"PNG","invoice_number":"123"},"reference":"123"}}'
    headers:
      Accept-Encoding:
      - gzip;q=1.0,deflate;q=0.6,identity;q=0.3
      Accept:
      - "*/*"
      User-Agent: "<REDACTED>"
      Host:
      - api.easypost.com
      Content-Type:
      - application/json
      Authorization: "<REDACTED>"
  response:
    status:
      code: 201
      message: Created
    headers:
      X-Frame-Options:
      - SAMEORIGIN
      X-Xss-Protection:
      - 1; mode=block
      X-Content-Type-Options:
      - nosniff
      X-Download-Options:
      - noopen
      X-Permitted-Cross-Domain-Policies:
      - none
      Referrer-Policy:
      - strict-origin-when-cross-origin
      X-Ep-Request-Uuid:
      - d044fa7666a7db04e799e1a7005a2f17
      Cache-Control:
      - private, no-cache, no-store
      Pragma:
      - no-cache
      Expires:
      - '0'
      Location:
      - "/api/v2/shipments/shp_1d84fb460b004c1bb14108afb891e872"
      Content-Type:
      - application/json; charset=utf-8
      X-Runtime:
      - '0.652697'
      Transfer-Encoding:
      - chunked
      X-Node:
      - bigweb32nuq
      X-Version-Label:
      - easypost-202407291746-57ea285141-master
      X-Backend:
      - easypost
      X-Canary:
      - direct
      X-Proxied:
      - extlb1nuq fa152d4755
      - intlb3nuq c0f5e722d1
      Strict-Transport-Security:
      - max-age=31536000; includeSubDomains; preload
    body:
      encoding: UTF-8
      string: '{"created_at":"2024-07-29T18:10:12Z","is_return":false,"messages":[{"carrier":"DhlEcs","carrier_account_id":"ca_b437adf5f4c64f3d8823d5ffa776a158","type":"rate_error","message":"shipment.customs_info.customs_items.0.code:
        field required"},{"carrier":"DhlEcs","carrier_account_id":"ca_91ae96a5fc1f4cf4aa4b69067df5686b","type":"rate_error","message":"shipment.customs_info.customs_items.0.code:
        field required"},{"carrier":"DhlEcs","carrier_account_id":"ca_b3781a40f76d4b94a70d2258e6d318c2","type":"rate_error","message":"shipment.customs_info.customs_items.0.code:
        field required"},{"carrier":"DhlEcs","carrier_account_id":"ca_e94e4fa45aba4058809c9246a48712b3","type":"rate_error","message":"shipment.customs_info.customs_items.0.code:
        field required"},{"carrier":"DhlEcs","carrier_account_id":"ca_c02da7bfb4264ea3bcb85c0f760d4a6e","type":"rate_error","message":"shipment.customs_info.customs_items.0.code:
        field required"},{"carrier":"UPS","carrier_account_id":"ca_d05aecc4f5c9412283e2fdc65d117692","type":"rate_error","message":"Invalid
        Access License number"},{"carrier":"UPS","carrier_account_id":"ca_533ac39596fc45809cf6685bbe55523a","type":"rate_error","message":"Invalid
        Access License number"}],"mode":"test","options":{"label_format":"PNG","invoice_number":"123","currency":"USD","payment":{"type":"SENDER"},"date_advance":0},"reference":"123","status":"unknown","tracking_code":null,"updated_at":"2024-07-29T18:10:13Z","batch_id":null,"batch_status":null,"batch_message":null,"customs_info":{"id":"cstinfo_685171b590e047218159386b3b1f7c3f","object":"CustomsInfo","created_at":"2024-07-29T18:10:12Z","updated_at":"2024-07-29T18:10:12Z","contents_explanation":"","contents_type":"merchandise","customs_certify":true,"customs_signer":"Steve
        Brule","eel_pfc":"NOEEI 30.37(a)","non_delivery_option":"return","restriction_comments":null,"restriction_type":"none","mode":"test","declaration":null,"customs_items":[{"id":"cstitem_0516eb7756c847<REDACTED>2a7e67d69d8dd25","object":"CustomsItem","created_at":"2024-07-29T18:10:12Z","updated_at":"2024-07-29T18:10:12Z","description":"Sweet
        shirts","hs_tariff_number":"654321","origin_country":"US","quantity":2,"value":"23.25","weight":11.0,"code":null,"mode":"test","manufacturer":null,"currency":null,"eccn":null,"printed_commodity_identifier":null}]},"from_address":{"id":"adr_cc636ceb4dd511ef9262ac1f6bc539ae","object":"Address","created_at":"2024-07-29T18:10:12+00:00","updated_at":"2024-07-29T18:10:12+00:00","name":"Jack
        Sparrow","company":null,"street1":"388 Townsend St","street2":"Apt 20","city":"San
        Francisco","state":"CA","zip":"94107","country":"US","phone":"<REDACTED>","email":"<REDACTED>","mode":"test","carrier_facility":null,"residential":null,"federal_tax_id":null,"state_tax_id":null,"verifications":{}},"insurance":null,"order_id":null,"parcel":{"id":"prcl_d77a91374fdc4cc690197647dd31d850","object":"Parcel","created_at":"2024-07-29T18:10:12Z","updated_at":"2024-07-29T18:10:12Z","length":10.0,"width":8.0,"height":4.0,"predefined_package":null,"weight":15.4,"mode":"test"},"postage_label":null,"rates":[{"id":"rate_9e5f0099384243a1bc6beec53a2ac717","object":"Rate","created_at":"2024-07-29T18:10:12Z","updated_at":"2024-07-29T18:10:12Z","mode":"test","service":"Express","carrier":"USPS","rate":"33.10","currency":"USD","retail_rate":"37.90","retail_currency":"USD","list_rate":"33.10","list_currency":"USD","billing_type":"easypost","delivery_days":2,"delivery_date":null,"delivery_date_guaranteed":false,"est_delivery_days":2,"shipment_id":"shp_1d84fb460b004c1bb14108afb891e872","carrier_account_id":"ca_716f33fd9fd348238b85c2922237f98b"},{"id":"rate_33d46283d3324b769335170a99092758","object":"Rate","created_at":"2024-07-29T18:10:12Z","updated_at":"2024-07-29T18:10:12Z","mode":"test","service":"Priority","carrier":"USPS","rate":"6.90","currency":"USD","retail_rate":"9.80","retail_currency":"USD","list_rate":"8.25","list_currency":"USD","billing_type":"easypost","delivery_days":2,"delivery_date":null,"delivery_date_guaranteed":false,"est_delivery_days":2,"shipment_id":"shp_1d84fb460b004c1bb14108afb891e872","carrier_account_id":"ca_716f33fd9fd348238b85c2922237f98b"},{"id":"rate_79904170d8354d52a98e0d272db9033c","object":"Rate","created_at":"2024-07-29T18:10:12Z","updated_at":"2024-07-29T18:10:12Z","mode":"test","service":"GroundAdvantage","carrier":"USPS","rate":"5.93","currency":"USD","retail_rate":"8.45","retail_currency":"USD","list_rate":"6.40","list_currency":"USD","billing_type":"easypost","delivery_days":3,"delivery_date":null,"delivery_date_guaranteed":false,"est_delivery_days":3,"shipment_id":"shp_1d84fb460b004c1bb14108afb891e872","carrier_account_id":"ca_716f33fd9fd348238b85c2922237f98b"}],"refund_status":null,"scan_form":null,"selected_rate":null,"tracker":null,"to_address":{"id":"adr_cc6060cb4dd511ef845dac1f6bc53342","object":"Address","created_at":"2024-07-29T18:10:12+00:00","updated_at":"2024-07-29T18:10:12+00:00","name":"Elizabeth
        Swan","company":null,"street1":"179 N Harbor Dr","street2":null,"city":"Redondo
        Beach","state":"CA","zip":"90277","country":"US","phone":"<REDACTED>","email":"<REDACTED>","mode":"test","carrier_facility":null,"residential":null,"federal_tax_id":null,"state_tax_id":null,"verifications":{}},"usps_zone":4,"return_address":{"id":"adr_cc636ceb4dd511ef9262ac1f6bc539ae","object":"Address","created_at":"2024-07-29T18:10:12+00:00","updated_at":"2024-07-29T18:10:12+00:00","name":"Jack
        Sparrow","company":null,"street1":"388 Townsend St","street2":"Apt 20","city":"San
        Francisco","state":"CA","zip":"94107","country":"US","phone":"<REDACTED>","email":"<REDACTED>","mode":"test","carrier_facility":null,"residential":null,"federal_tax_id":null,"state_tax_id":null,"verifications":{}},"buyer_address":{"id":"adr_cc6060cb4dd511ef845dac1f6bc53342","object":"Address","created_at":"2024-07-29T18:10:12+00:00","updated_at":"2024-07-29T18:10:12+00:00","name":"Elizabeth
        Swan","company":null,"street1":"179 N Harbor Dr","street2":null,"city":"Redondo
        Beach","state":"CA","zip":"90277","country":"US","phone":"<REDACTED>","email":"<REDACTED>","mode":"test","carrier_facility":null,"residential":null,"federal_tax_id":null,"state_tax_id":null,"verifications":{}},"forms":[],"fees":[],"id":"shp_1d84fb460b004c1bb14108afb891e872","object":"Shipment"}'
  recorded_at: Mon, 29 Jul 2024 18:10:12 GMT
- request:
    method: post
    uri: https://api.easypost.com/v2/shipments/shp_1d84fb460b004c1bb14108afb891e872/buy
    body:
      encoding: UTF-8
      string: '{"rate":{"id":"rate_79904170d8354d52a98e0d272db9033c"}}'
    headers:
      Accept-Encoding:
      - gzip;q=1.0,deflate;q=0.6,identity;q=0.3
      Accept:
      - "*/*"
      User-Agent: "<REDACTED>"
      Host:
      - api.easypost.com
      Content-Type:
      - application/json
      Authorization: "<REDACTED>"
  response:
    status:
      code: 200
      message: OK
    headers:
      X-Frame-Options:
      - SAMEORIGIN
      X-Xss-Protection:
      - 1; mode=block
      X-Content-Type-Options:
      - nosniff
      X-Download-Options:
      - noopen
      X-Permitted-Cross-Domain-Policies:
      - none
      Referrer-Policy:
      - strict-origin-when-cross-origin
      X-Ep-Request-Uuid:
      - d044fa7666a7db05e799e1a8005a304e
      Cache-Control:
      - private, no-cache, no-store
      Pragma:
      - no-cache
      Expires:
      - '0'
      Content-Type:
      - application/json; charset=utf-8
      X-Runtime:
      - '1.015768'
      Transfer-Encoding:
      - chunked
      X-Node:
      - bigweb40nuq
      X-Version-Label:
      - easypost-202407291746-57ea285141-master
      X-Backend:
      - easypost
      X-Proxied:
      - extlb1nuq fa152d4755
      - intlb3nuq c0f5e722d1
      Strict-Transport-Security:
      - max-age=31536000; includeSubDomains; preload
    body:
      encoding: UTF-8
      string: '{"created_at":"2024-07-29T18:10:12Z","is_return":false,"messages":[{"carrier":"DhlEcs","carrier_account_id":"ca_b437adf5f4c64f3d8823d5ffa776a158","type":"rate_error","message":"shipment.customs_info.customs_items.0.code:
        field required"},{"carrier":"DhlEcs","carrier_account_id":"ca_91ae96a5fc1f4cf4aa4b69067df5686b","type":"rate_error","message":"shipment.customs_info.customs_items.0.code:
        field required"},{"carrier":"DhlEcs","carrier_account_id":"ca_b3781a40f76d4b94a70d2258e6d318c2","type":"rate_error","message":"shipment.customs_info.customs_items.0.code:
        field required"},{"carrier":"DhlEcs","carrier_account_id":"ca_e94e4fa45aba4058809c9246a48712b3","type":"rate_error","message":"shipment.customs_info.customs_items.0.code:
        field required"},{"carrier":"DhlEcs","carrier_account_id":"ca_c02da7bfb4264ea3bcb85c0f760d4a6e","type":"rate_error","message":"shipment.customs_info.customs_items.0.code:
        field required"},{"carrier":"UPS","carrier_account_id":"ca_d05aecc4f5c9412283e2fdc65d117692","type":"rate_error","message":"Invalid
        Access License number"},{"carrier":"UPS","carrier_account_id":"ca_533ac39596fc45809cf6685bbe55523a","type":"rate_error","message":"Invalid
        Access License number"}],"mode":"test","options":{"label_format":"PNG","invoice_number":"123","currency":"USD","payment":{"type":"SENDER"},"date_advance":0},"reference":"123","status":"unknown","tracking_code":"9400100110368068501245","updated_at":"2024-07-29T18:10:14Z","batch_id":null,"batch_status":null,"batch_message":null,"customs_info":{"id":"cstinfo_685171b590e047218159386b3b1f7c3f","object":"CustomsInfo","created_at":"2024-07-29T18:10:12Z","updated_at":"2024-07-29T18:10:12Z","contents_explanation":"","contents_type":"merchandise","customs_certify":true,"customs_signer":"Steve
        Brule","eel_pfc":"NOEEI 30.37(a)","non_delivery_option":"return","restriction_comments":null,"restriction_type":"none","mode":"test","declaration":null,"customs_items":[{"id":"cstitem_0516eb7756c847<REDACTED>2a7e67d69d8dd25","object":"CustomsItem","created_at":"2024-07-29T18:10:12Z","updated_at":"2024-07-29T18:10:12Z","description":"Sweet
        shirts","hs_tariff_number":"654321","origin_country":"US","quantity":2,"value":"23.25","weight":11.0,"code":null,"mode":"test","manufacturer":null,"currency":null,"eccn":null,"printed_commodity_identifier":null}]},"from_address":{"id":"adr_cc636ceb4dd511ef9262ac1f6bc539ae","object":"Address","created_at":"2024-07-29T18:10:12+00:00","updated_at":"2024-07-29T18:10:12+00:00","name":"Jack
        Sparrow","company":null,"street1":"388 Townsend St","street2":"Apt 20","city":"San
        Francisco","state":"CA","zip":"94107","country":"US","phone":"<REDACTED>","email":"<REDACTED>","mode":"test","carrier_facility":null,"residential":null,"federal_tax_id":null,"state_tax_id":null,"verifications":{}},"insurance":null,"order_id":null,"parcel":{"id":"prcl_d77a91374fdc4cc690197647dd31d850","object":"Parcel","created_at":"2024-07-29T18:10:12Z","updated_at":"2024-07-29T18:10:12Z","length":10.0,"width":8.0,"height":4.0,"predefined_package":null,"weight":15.4,"mode":"test"},"postage_label":{"object":"PostageLabel","id":"pl_6d1b1b9414754e0483db07048a61385c","created_at":"2024-07-29T18:10:14Z","updated_at":"2024-07-29T18:10:14Z","date_advance":0,"integrated_form":"none","label_date":"2024-07-29T18:10:14Z","label_resolution":300,"label_size":"4x6","label_type":"default","label_file_type":"image/png","label_url":"https://easypost-files.s3.us-west-2.amazonaws.com/files/postage_label/20240729/e8adf795eabdf34a1f97015ac28521849b.png","label_pdf_url":null,"label_zpl_url":null,"label_epl2_url":null,"label_file":null},"rates":[{"id":"rate_9e5f0099384243a1bc6beec53a2ac717","object":"Rate","created_at":"2024-07-29T18:10:12Z","updated_at":"2024-07-29T18:10:12Z","mode":"test","service":"Express","carrier":"USPS","rate":"33.10","currency":"USD","retail_rate":"37.90","retail_currency":"USD","list_rate":"33.10","list_currency":"USD","billing_type":"easypost","delivery_days":2,"delivery_date":null,"delivery_date_guaranteed":false,"est_delivery_days":2,"shipment_id":"shp_1d84fb460b004c1bb14108afb891e872","carrier_account_id":"ca_716f33fd9fd348238b85c2922237f98b"},{"id":"rate_33d46283d3324b769335170a99092758","object":"Rate","created_at":"2024-07-29T18:10:12Z","updated_at":"2024-07-29T18:10:12Z","mode":"test","service":"Priority","carrier":"USPS","rate":"6.90","currency":"USD","retail_rate":"9.80","retail_currency":"USD","list_rate":"8.25","list_currency":"USD","billing_type":"easypost","delivery_days":2,"delivery_date":null,"delivery_date_guaranteed":false,"est_delivery_days":2,"shipment_id":"shp_1d84fb460b004c1bb14108afb891e872","carrier_account_id":"ca_716f33fd9fd348238b85c2922237f98b"},{"id":"rate_79904170d8354d52a98e0d272db9033c","object":"Rate","created_at":"2024-07-29T18:10:12Z","updated_at":"2024-07-29T18:10:12Z","mode":"test","service":"GroundAdvantage","carrier":"USPS","rate":"5.93","currency":"USD","retail_rate":"8.45","retail_currency":"USD","list_rate":"6.40","list_currency":"USD","billing_type":"easypost","delivery_days":3,"delivery_date":null,"delivery_date_guaranteed":false,"est_delivery_days":3,"shipment_id":"shp_1d84fb460b004c1bb14108afb891e872","carrier_account_id":"ca_716f33fd9fd348238b85c2922237f98b"}],"refund_status":null,"scan_form":null,"selected_rate":{"id":"rate_79904170d8354d52a98e0d272db9033c","object":"Rate","created_at":"2024-07-29T18:10:14Z","updated_at":"2024-07-29T18:10:14Z","mode":"test","service":"GroundAdvantage","carrier":"USPS","rate":"5.93","currency":"USD","retail_rate":"8.45","retail_currency":"USD","list_rate":"6.40","list_currency":"USD","billing_type":"easypost","delivery_days":3,"delivery_date":null,"delivery_date_guaranteed":false,"est_delivery_days":3,"shipment_id":"shp_1d84fb460b004c1bb14108afb891e872","carrier_account_id":"ca_716f33fd9fd348238b85c2922237f98b"},"tracker":{"id":"trk_4254218bd8aa4cf18144fbf67d09f1c8","object":"Tracker","mode":"test","tracking_code":"9400100110368068501245","status":"unknown","status_detail":"unknown","created_at":"2024-07-29T18:10:14Z","updated_at":"2024-07-29T18:10:14Z","signed_by":null,"weight":null,"est_delivery_date":null,"shipment_id":"shp_1d84fb460b004c1bb14108afb891e872","carrier":"USPS","tracking_details":[],"fees":[],"carrier_detail":null,"public_url":"https://track.easypost.com/djE6dHJrXzQyNTQyMThiZDhhYTRjZjE4MTQ0ZmJmNjdkMDlmMWM4"},"to_address":{"id":"adr_cc6060cb4dd511ef845dac1f6bc53342","object":"Address","created_at":"2024-07-29T18:10:12+00:00","updated_at":"2024-07-29T18:10:13+00:00","name":"ELIZABETH
        SWAN","company":null,"street1":"179 N HARBOR DR","street2":"","city":"REDONDO
        BEACH","state":"CA","zip":"90277-2506","country":"US","phone":"<REDACTED>","email":"<REDACTED>","mode":"test","carrier_facility":null,"residential":false,"federal_tax_id":null,"state_tax_id":null,"verifications":{"zip4":{"success":true,"errors":[],"details":null},"delivery":{"success":true,"errors":[],"details":{"latitude":33.8436,"longitude":-118.39177,"time_zone":"America/Los_Angeles"}}}},"usps_zone":4,"return_address":{"id":"adr_cc636ceb4dd511ef9262ac1f6bc539ae","object":"Address","created_at":"2024-07-29T18:10:12+00:00","updated_at":"2024-07-29T18:10:12+00:00","name":"Jack
        Sparrow","company":null,"street1":"388 Townsend St","street2":"Apt 20","city":"San
        Francisco","state":"CA","zip":"94107","country":"US","phone":"<REDACTED>","email":"<REDACTED>","mode":"test","carrier_facility":null,"residential":null,"federal_tax_id":null,"state_tax_id":null,"verifications":{}},"buyer_address":{"id":"adr_cc6060cb4dd511ef845dac1f6bc53342","object":"Address","created_at":"2024-07-29T18:10:12+00:00","updated_at":"2024-07-29T18:10:13+00:00","name":"ELIZABETH
        SWAN","company":null,"street1":"179 N HARBOR DR","street2":"","city":"REDONDO
        BEACH","state":"CA","zip":"90277-2506","country":"US","phone":"<REDACTED>","email":"<REDACTED>","mode":"test","carrier_facility":null,"residential":false,"federal_tax_id":null,"state_tax_id":null,"verifications":{"zip4":{"success":true,"errors":[],"details":null},"delivery":{"success":true,"errors":[],"details":{"latitude":33.8436,"longitude":-118.39177,"time_zone":"America/Los_Angeles"}}}},"forms":[],"fees":[{"object":"Fee","type":"LabelFee","amount":"0.01000","charged":true,"refunded":false},{"object":"Fee","type":"PostageFee","amount":"5.93000","charged":true,"refunded":false}],"id":"shp_1d84fb460b004c1bb14108afb891e872","object":"Shipment"}'
  recorded_at: Mon, 29 Jul 2024 18:10:14 GMT
- request:
    method: get
    uri: https://api.easypost.com/v2/shipments/shp_1d84fb460b004c1bb14108afb891e872/label?file_format=ZPL
    body:
      encoding: US-ASCII
      string: ''
    headers:
      Accept-Encoding:
      - gzip;q=1.0,deflate;q=0.6,identity;q=0.3
      Accept:
      - "*/*"
      User-Agent: "<REDACTED>"
      Host:
      - api.easypost.com
      Content-Type:
      - application/json
      Authorization: "<REDACTED>"
  response:
    status:
      code: 200
      message: OK
    headers:
      X-Frame-Options:
      - SAMEORIGIN
      X-Xss-Protection:
      - 1; mode=block
      X-Content-Type-Options:
      - nosniff
      X-Download-Options:
      - noopen
      X-Permitted-Cross-Domain-Policies:
      - none
      Referrer-Policy:
      - strict-origin-when-cross-origin
      X-Ep-Request-Uuid:
      - d044fa7666a7db06e799e1a9005a31da
      Cache-Control:
      - private, no-cache, no-store
      Pragma:
      - no-cache
      Expires:
      - '0'
      Content-Type:
      - application/json; charset=utf-8
      X-Runtime:
      - '1.630798'
      Transfer-Encoding:
      - chunked
      X-Node:
      - bigweb35nuq
      X-Version-Label:
      - easypost-202407291746-57ea285141-master
      X-Backend:
      - easypost
      X-Proxied:
      - extlb1nuq fa152d4755
      - intlb4nuq c0f5e722d1
      Strict-Transport-Security:
      - max-age=31536000; includeSubDomains; preload
    body:
      encoding: UTF-8
      string: '{"created_at":"2024-07-29T18:10:12Z","is_return":false,"messages":[{"carrier":"DhlEcs","carrier_account_id":"ca_b437adf5f4c64f3d8823d5ffa776a158","type":"rate_error","message":"shipment.customs_info.customs_items.0.code:
        field required"},{"carrier":"DhlEcs","carrier_account_id":"ca_91ae96a5fc1f4cf4aa4b69067df5686b","type":"rate_error","message":"shipment.customs_info.customs_items.0.code:
        field required"},{"carrier":"DhlEcs","carrier_account_id":"ca_b3781a40f76d4b94a70d2258e6d318c2","type":"rate_error","message":"shipment.customs_info.customs_items.0.code:
        field required"},{"carrier":"DhlEcs","carrier_account_id":"ca_e94e4fa45aba4058809c9246a48712b3","type":"rate_error","message":"shipment.customs_info.customs_items.0.code:
        field required"},{"carrier":"DhlEcs","carrier_account_id":"ca_c02da7bfb4264ea3bcb85c0f760d4a6e","type":"rate_error","message":"shipment.customs_info.customs_items.0.code:
        field required"},{"carrier":"UPS","carrier_account_id":"ca_d05aecc4f5c9412283e2fdc65d117692","type":"rate_error","message":"Invalid
        Access License number"},{"carrier":"UPS","carrier_account_id":"ca_533ac39596fc45809cf6685bbe55523a","type":"rate_error","message":"Invalid
        Access License number"}],"mode":"test","options":{"label_format":"PNG","invoice_number":"123","currency":"USD","payment":{"type":"SENDER"},"date_advance":0},"reference":"123","status":"unknown","tracking_code":"9400100110368068501245","updated_at":"2024-07-29T18:10:14Z","batch_id":null,"batch_status":null,"batch_message":null,"customs_info":{"id":"cstinfo_685171b590e047218159386b3b1f7c3f","object":"CustomsInfo","created_at":"2024-07-29T18:10:12Z","updated_at":"2024-07-29T18:10:12Z","contents_explanation":"","contents_type":"merchandise","customs_certify":true,"customs_signer":"Steve
        Brule","eel_pfc":"NOEEI 30.37(a)","non_delivery_option":"return","restriction_comments":null,"restriction_type":"none","mode":"test","declaration":null,"customs_items":[{"id":"cstitem_0516eb7756c847<REDACTED>2a7e67d69d8dd25","object":"CustomsItem","created_at":"2024-07-29T18:10:12Z","updated_at":"2024-07-29T18:10:12Z","description":"Sweet
        shirts","hs_tariff_number":"654321","origin_country":"US","quantity":2,"value":"23.25","weight":11.0,"code":null,"mode":"test","manufacturer":null,"currency":null,"eccn":null,"printed_commodity_identifier":null}]},"from_address":{"id":"adr_cc636ceb4dd511ef9262ac1f6bc539ae","object":"Address","created_at":"2024-07-29T18:10:12+00:00","updated_at":"2024-07-29T18:10:12+00:00","name":"Jack
        Sparrow","company":null,"street1":"388 Townsend St","street2":"Apt 20","city":"San
        Francisco","state":"CA","zip":"94107","country":"US","phone":"<REDACTED>","email":"<REDACTED>","mode":"test","carrier_facility":null,"residential":null,"federal_tax_id":null,"state_tax_id":null,"verifications":{}},"insurance":null,"order_id":null,"parcel":{"id":"prcl_d77a91374fdc4cc690197647dd31d850","object":"Parcel","created_at":"2024-07-29T18:10:12Z","updated_at":"2024-07-29T18:10:12Z","length":10.0,"width":8.0,"height":4.0,"predefined_package":null,"weight":15.4,"mode":"test"},"postage_label":{"object":"PostageLabel","id":"pl_6d1b1b9414754e0483db07048a61385c","created_at":"2024-07-29T18:10:14Z","updated_at":"2024-07-29T18:10:16Z","date_advance":0,"integrated_form":"none","label_date":"2024-07-29T18:10:14Z","label_resolution":300,"label_size":"4x6","label_type":"default","label_file_type":"image/png","label_url":"https://easypost-files.s3.us-west-2.amazonaws.com/files/postage_label/20240729/e8adf795eabdf34a1f97015ac28521849b.png","label_pdf_url":null,"label_zpl_url":"https://easypost-files.s3-us-west-2.amazonaws.com/files/postage_label/20240729/7429da3096254894b3c790d4a96ce717.zpl","label_epl2_url":null,"label_file":null},"rates":[{"id":"rate_9e5f0099384243a1bc6beec53a2ac717","object":"Rate","created_at":"2024-07-29T18:10:12Z","updated_at":"2024-07-29T18:10:12Z","mode":"test","service":"Express","carrier":"USPS","rate":"33.10","currency":"USD","retail_rate":"37.90","retail_currency":"USD","list_rate":"33.10","list_currency":"USD","billing_type":"easypost","delivery_days":2,"delivery_date":null,"delivery_date_guaranteed":false,"est_delivery_days":2,"shipment_id":"shp_1d84fb460b004c1bb14108afb891e872","carrier_account_id":"ca_716f33fd9fd348238b85c2922237f98b"},{"id":"rate_33d46283d3324b769335170a99092758","object":"Rate","created_at":"2024-07-29T18:10:12Z","updated_at":"2024-07-29T18:10:12Z","mode":"test","service":"Priority","carrier":"USPS","rate":"6.90","currency":"USD","retail_rate":"9.80","retail_currency":"USD","list_rate":"8.25","list_currency":"USD","billing_type":"easypost","delivery_days":2,"delivery_date":null,"delivery_date_guaranteed":false,"est_delivery_days":2,"shipment_id":"shp_1d84fb460b004c1bb14108afb891e872","carrier_account_id":"ca_716f33fd9fd348238b85c2922237f98b"},{"id":"rate_79904170d8354d52a98e0d272db9033c","object":"Rate","created_at":"2024-07-29T18:10:12Z","updated_at":"2024-07-29T18:10:12Z","mode":"test","service":"GroundAdvantage","carrier":"USPS","rate":"5.93","currency":"USD","retail_rate":"8.45","retail_currency":"USD","list_rate":"6.40","list_currency":"USD","billing_type":"easypost","delivery_days":3,"delivery_date":null,"delivery_date_guaranteed":false,"est_delivery_days":3,"shipment_id":"shp_1d84fb460b004c1bb14108afb891e872","carrier_account_id":"ca_716f33fd9fd348238b85c2922237f98b"}],"refund_status":null,"scan_form":null,"selected_rate":{"id":"rate_79904170d8354d52a98e0d272db9033c","object":"Rate","created_at":"2024-07-29T18:10:14Z","updated_at":"2024-07-29T18:10:14Z","mode":"test","service":"GroundAdvantage","carrier":"USPS","rate":"5.93","currency":"USD","retail_rate":"8.45","retail_currency":"USD","list_rate":"6.40","list_currency":"USD","billing_type":"easypost","delivery_days":3,"delivery_date":null,"delivery_date_guaranteed":false,"est_delivery_days":3,"shipment_id":"shp_1d84fb460b004c1bb14108afb891e872","carrier_account_id":"ca_716f33fd9fd348238b85c2922237f98b"},"tracker":{"id":"trk_4254218bd8aa4cf18144fbf67d09f1c8","object":"Tracker","mode":"test","tracking_code":"9400100110368068501245","status":"pre_transit","status_detail":"status_update","created_at":"2024-07-29T18:10:14Z","updated_at":"2024-07-29T18:10:14Z","signed_by":null,"weight":null,"est_delivery_date":"2024-07-29T18:10:14Z","shipment_id":"shp_1d84fb460b004c1bb14108afb891e872","carrier":"USPS","tracking_details":[{"object":"TrackingDetail","message":"Pre-Shipment
        Info Sent to USPS","description":"","status":"pre_transit","status_detail":"status_update","datetime":"2024-06-29T18:10:14Z","source":"USPS","carrier_code":"","tracking_location":{"object":"TrackingLocation","city":null,"state":null,"country":null,"zip":null}},{"object":"TrackingDetail","message":"Shipping
        Label Created","description":"","status":"pre_transit","status_detail":"status_update","datetime":"2024-06-30T06:47:14Z","source":"USPS","carrier_code":"","tracking_location":{"object":"TrackingLocation","city":"HOUSTON","state":"TX","country":null,"zip":"77063"}}],"fees":[],"carrier_detail":{"object":"CarrierDetail","service":"First-Class
        Package Service","container_type":null,"est_delivery_date_local":null,"est_delivery_time_local":null,"origin_location":"HOUSTON
        TX, 77001","origin_tracking_location":{"object":"TrackingLocation","city":"HOUSTON","state":"TX","country":null,"zip":"77063"},"destination_location":"CHARLESTON
        SC, 29401","destination_tracking_location":null,"guaranteed_delivery_date":null,"alternate_identifier":null,"initial_delivery_attempt":null},"public_url":"https://track.easypost.com/djE6dHJrXzQyNTQyMThiZDhhYTRjZjE4MTQ0ZmJmNjdkMDlmMWM4"},"to_address":{"id":"adr_cc6060cb4dd511ef845dac1f6bc53342","object":"Address","created_at":"2024-07-29T18:10:12+00:00","updated_at":"2024-07-29T18:10:13+00:00","name":"ELIZABETH
        SWAN","company":null,"street1":"179 N HARBOR DR","street2":null,"city":"REDONDO
        BEACH","state":"CA","zip":"90277-2506","country":"US","phone":"<REDACTED>","email":"<REDACTED>","mode":"test","carrier_facility":null,"residential":false,"federal_tax_id":null,"state_tax_id":null,"verifications":{"zip4":{"success":true,"errors":[],"details":null},"delivery":{"success":true,"errors":[],"details":{"latitude":33.8436,"longitude":-118.39177,"time_zone":"America/Los_Angeles"}}}},"usps_zone":4,"return_address":{"id":"adr_cc636ceb4dd511ef9262ac1f6bc539ae","object":"Address","created_at":"2024-07-29T18:10:12+00:00","updated_at":"2024-07-29T18:10:12+00:00","name":"Jack
        Sparrow","company":null,"street1":"388 Townsend St","street2":"Apt 20","city":"San
        Francisco","state":"CA","zip":"94107","country":"US","phone":"<REDACTED>","email":"<REDACTED>","mode":"test","carrier_facility":null,"residential":null,"federal_tax_id":null,"state_tax_id":null,"verifications":{}},"buyer_address":{"id":"adr_cc6060cb4dd511ef845dac1f6bc53342","object":"Address","created_at":"2024-07-29T18:10:12+00:00","updated_at":"2024-07-29T18:10:13+00:00","name":"ELIZABETH
        SWAN","company":null,"street1":"179 N HARBOR DR","street2":null,"city":"REDONDO
        BEACH","state":"CA","zip":"90277-2506","country":"US","phone":"<REDACTED>","email":"<REDACTED>","mode":"test","carrier_facility":null,"residential":false,"federal_tax_id":null,"state_tax_id":null,"verifications":{"zip4":{"success":true,"errors":[],"details":null},"delivery":{"success":true,"errors":[],"details":{"latitude":33.8436,"longitude":-118.39177,"time_zone":"America/Los_Angeles"}}}},"forms":[],"fees":[{"object":"Fee","type":"LabelFee","amount":"0.01000","charged":true,"refunded":false},{"object":"Fee","type":"PostageFee","amount":"5.93000","charged":true,"refunded":false}],"id":"shp_1d84fb460b004c1bb14108afb891e872","object":"Shipment"}'
  recorded_at: Mon, 29 Jul 2024 18:10:16 GMT
recorded_with: VCR 6.1.0
