---
http_interactions:
- request:
    method: post
    uri: https://api.easypost.com/v2/end_shippers
    body:
      encoding: UTF-8
      string: '{"address":{"name":"Jack Sparrow","street1":"388 Townsend St","street2":"Apt
        20","city":"San Francisco","state":"CA","zip":"94107","country":"US","email":"test@example.com","phone":"5555555555"}}'
    headers:
      Accept-Encoding:
      - gzip;q=1.0,deflate;q=0.6,identity;q=0.3
      Accept:
      - "*/*"
      User-Agent: "<REDACTED>"
      Host:
      - api.easypost.com
      Content-Type:
      - application/json
      Authorization: "<REDACTED>"
  response:
    status:
      code: 201
      message: Created
    headers:
      X-Frame-Options:
      - SAMEORIGIN
      X-Xss-Protection:
      - 1; mode=block
      X-Content-Type-Options:
      - nosniff
      X-Download-Options:
      - noopen
      X-Permitted-Cross-Domain-Policies:
      - none
      Referrer-Policy:
      - strict-origin-when-cross-origin
      X-Ep-Request-Uuid:
      - e77cdde465b00a9ae787de8d00074c30
      Cache-Control:
      - private, no-cache, no-store
      Pragma:
      - no-cache
      Expires:
      - '0'
      Content-Type:
      - application/json; charset=utf-8
      X-Runtime:
      - '0.052339'
      Transfer-Encoding:
      - chunked
      X-Node:
      - bigweb43nuq
      X-Version-Label:
      - easypost-202401222120-581bacedf7-master
      X-Backend:
      - easypost
      X-Canary:
      - direct
      X-Proxied:
      - extlb2nuq 003ad9bca0
      - intlb2nuq 1a7e326d32
      Strict-Transport-Security:
      - max-age=31536000; includeSubDomains; preload
    body:
      encoding: UTF-8
      string: '{"id":"es_f80ba9b7b2444b6699ab08c2b42eefb7","object":"EndShipper","mode":"test","created_at":"2024-01-23T18:51:06+00:00","updated_at":"2024-01-23T18:51:06+00:00","name":"JACK
        SPARROW","company":null,"street1":"388 TOWNSEND ST APT 20","street2":"","city":"SAN
        FRANCISCO","state":"CA","zip":"94107-1670","country":"US","phone":"<REDACTED>","email":"<REDACTED>"}'
  recorded_at: Tue, 23 Jan 2024 18:51:07 GMT
- request:
    method: post
    uri: https://api.easypost.com/v2/shipments
    body:
      encoding: UTF-8
      string: '{"shipment":{"from_address":{"name":"Jack Sparrow","street1":"388 Townsend
        St","street2":"Apt 20","city":"San Francisco","state":"CA","zip":"94107","country":"US","email":"test@example.com","phone":"5555555555"},"to_address":{"name":"Elizabeth
        Swan","street1":"179 N Harbor Dr","city":"Redondo Beach","state":"CA","zip":"90277","country":"US","email":"test@example.com","phone":"5555555555"},"parcel":{"length":10,"width":8,"height":4,"weight":15.4}}}'
    headers:
      Accept-Encoding:
      - gzip;q=1.0,deflate;q=0.6,identity;q=0.3
      Accept:
      - "*/*"
      User-Agent: "<REDACTED>"
      Host:
      - api.easypost.com
      Content-Type:
      - application/json
      Authorization: "<REDACTED>"
  response:
    status:
      code: 201
      message: Created
    headers:
      X-Frame-Options:
      - SAMEORIGIN
      X-Xss-Protection:
      - 1; mode=block
      X-Content-Type-Options:
      - nosniff
      X-Download-Options:
      - noopen
      X-Permitted-Cross-Domain-Policies:
      - none
      Referrer-Policy:
      - strict-origin-when-cross-origin
      X-Ep-Request-Uuid:
      - e77cdde565b00a9be787e19e00074c71
      Cache-Control:
      - private, no-cache, no-store
      Pragma:
      - no-cache
      Expires:
      - '0'
      Location:
      - "/api/v2/shipments/shp_2ebb10753e56497294c0999866bb72a3"
      Content-Type:
      - application/json; charset=utf-8
      X-Runtime:
      - '0.586751'
      Transfer-Encoding:
      - chunked
      X-Node:
      - bigweb43nuq
      X-Version-Label:
      - easypost-202401222120-581bacedf7-master
      X-Backend:
      - easypost
      X-Canary:
      - direct
      X-Proxied:
      - extlb2nuq 003ad9bca0
      - intlb2nuq 1a7e326d32
      Strict-Transport-Security:
      - max-age=31536000; includeSubDomains; preload
    body:
      encoding: UTF-8
      string: '{"created_at":"2024-01-23T18:51:07Z","is_return":false,"messages":[{"carrier":"DhlEcs","carrier_account_id":"ca_b437adf5f4c64f3d8823d5ffa776a158","type":"rate_error","message":"Unauthorized.
        Please check credentials and try again"},{"carrier":"DhlEcs","carrier_account_id":"ca_91ae96a5fc1f4cf4aa4b69067df5686b","type":"rate_error","message":"Unauthorized.
        Please check credentials and try again"},{"carrier":"DhlEcs","carrier_account_id":"ca_e94e4fa45aba4058809c9246a48712b3","type":"rate_error","message":"Unauthorized.
        Please check credentials and try again"},{"carrier":"DhlEcs","carrier_account_id":"ca_c02da7bfb4264ea3bcb85c0f760d4a6e","type":"rate_error","message":"Unauthorized.
        Please check credentials and try again"}],"mode":"test","options":{"currency":"USD","payment":{"type":"SENDER"},"date_advance":0},"reference":null,"status":"unknown","tracking_code":null,"updated_at":"2024-01-23T18:51:07Z","batch_id":null,"batch_status":null,"batch_message":null,"customs_info":null,"from_address":{"id":"adr_5df66dadba2011ee92fdac1f6bc539aa","object":"Address","created_at":"2024-01-23T18:51:07+00:00","updated_at":"2024-01-23T18:51:07+00:00","name":"Jack
        Sparrow","company":null,"street1":"388 Townsend St","street2":"Apt 20","city":"San
        Francisco","state":"CA","zip":"94107","country":"US","phone":"<REDACTED>","email":"<REDACTED>","mode":"test","carrier_facility":null,"residential":null,"federal_tax_id":null,"state_tax_id":null,"verifications":{}},"insurance":null,"order_id":null,"parcel":{"id":"prcl_e0f0e6446ba24d87bd0be30b570883ec","object":"Parcel","created_at":"2024-01-23T18:51:07Z","updated_at":"2024-01-23T18:51:07Z","length":10.0,"width":8.0,"height":4.0,"predefined_package":null,"weight":15.4,"mode":"test"},"postage_label":null,"rates":[{"id":"rate_875167d8f01540ba9f3595da43d12c9c","object":"Rate","created_at":"2024-01-23T18:51:07Z","updated_at":"2024-01-23T18:51:07Z","mode":"test","service":"Priority","carrier":"USPS","rate":"6.88","currency":"USD","retail_rate":"9.80","retail_currency":"USD","list_rate":"8.25","list_currency":"USD","billing_type":"easypost","delivery_days":2,"delivery_date":null,"delivery_date_guaranteed":false,"est_delivery_days":2,"shipment_id":"shp_2ebb10753e56497294c0999866bb72a3","carrier_account_id":"ca_716f33fd9fd348238b85c2922237f98b"},{"id":"rate_2ca499faeba945f694321218c247a45d","object":"Rate","created_at":"2024-01-23T18:51:07Z","updated_at":"2024-01-23T18:51:07Z","mode":"test","service":"GroundAdvantage","carrier":"USPS","rate":"5.93","currency":"USD","retail_rate":"8.45","retail_currency":"USD","list_rate":"6.40","list_currency":"USD","billing_type":"easypost","delivery_days":3,"delivery_date":null,"delivery_date_guaranteed":false,"est_delivery_days":3,"shipment_id":"shp_2ebb10753e56497294c0999866bb72a3","carrier_account_id":"ca_716f33fd9fd348238b85c2922237f98b"},{"id":"rate_4f646e2fd61d4e828fc4a3fa09327fad","object":"Rate","created_at":"2024-01-23T18:51:07Z","updated_at":"2024-01-23T18:51:07Z","mode":"test","service":"First","carrier":"USPS","rate":"5.93","currency":"USD","retail_rate":"8.45","retail_currency":"USD","list_rate":"6.40","list_currency":"USD","billing_type":"easypost","delivery_days":3,"delivery_date":null,"delivery_date_guaranteed":false,"est_delivery_days":3,"shipment_id":"shp_2ebb10753e56497294c0999866bb72a3","carrier_account_id":"ca_716f33fd9fd348238b85c2922237f98b"},{"id":"rate_835b2e2ee85f4773871f2136d8bbada2","object":"Rate","created_at":"2024-01-23T18:51:07Z","updated_at":"2024-01-23T18:51:07Z","mode":"test","service":"ParcelSelect","carrier":"USPS","rate":"5.93","currency":"USD","retail_rate":"8.45","retail_currency":"USD","list_rate":"6.40","list_currency":"USD","billing_type":"easypost","delivery_days":3,"delivery_date":null,"delivery_date_guaranteed":false,"est_delivery_days":3,"shipment_id":"shp_2ebb10753e56497294c0999866bb72a3","carrier_account_id":"ca_716f33fd9fd348238b85c2922237f98b"},{"id":"rate_37d1262b1d2c48cfa46e64951d9685c4","object":"Rate","created_at":"2024-01-23T18:51:07Z","updated_at":"2024-01-23T18:51:07Z","mode":"test","service":"Express","carrier":"USPS","rate":"33.10","currency":"USD","retail_rate":"37.90","retail_currency":"USD","list_rate":"33.10","list_currency":"USD","billing_type":"easypost","delivery_days":null,"delivery_date":null,"delivery_date_guaranteed":false,"est_delivery_days":null,"shipment_id":"shp_2ebb10753e56497294c0999866bb72a3","carrier_account_id":"ca_716f33fd9fd348238b85c2922237f98b"}],"refund_status":null,"scan_form":null,"selected_rate":null,"tracker":null,"to_address":{"id":"adr_5df46000ba2011eea23dac1f6bc53342","object":"Address","created_at":"2024-01-23T18:51:07+00:00","updated_at":"2024-01-23T18:51:07+00:00","name":"Elizabeth
        Swan","company":null,"street1":"179 N Harbor Dr","street2":null,"city":"Redondo
        Beach","state":"CA","zip":"90277","country":"US","phone":"<REDACTED>","email":"<REDACTED>","mode":"test","carrier_facility":null,"residential":null,"federal_tax_id":null,"state_tax_id":null,"verifications":{}},"usps_zone":4,"return_address":{"id":"adr_5df66dadba2011ee92fdac1f6bc539aa","object":"Address","created_at":"2024-01-23T18:51:07+00:00","updated_at":"2024-01-23T18:51:07+00:00","name":"Jack
        Sparrow","company":null,"street1":"388 Townsend St","street2":"Apt 20","city":"San
        Francisco","state":"CA","zip":"94107","country":"US","phone":"<REDACTED>","email":"<REDACTED>","mode":"test","carrier_facility":null,"residential":null,"federal_tax_id":null,"state_tax_id":null,"verifications":{}},"buyer_address":{"id":"adr_5df46000ba2011eea23dac1f6bc53342","object":"Address","created_at":"2024-01-23T18:51:07+00:00","updated_at":"2024-01-23T18:51:07+00:00","name":"Elizabeth
        Swan","company":null,"street1":"179 N Harbor Dr","street2":null,"city":"Redondo
        Beach","state":"CA","zip":"90277","country":"US","phone":"<REDACTED>","email":"<REDACTED>","mode":"test","carrier_facility":null,"residential":null,"federal_tax_id":null,"state_tax_id":null,"verifications":{}},"forms":[],"fees":[],"id":"shp_2ebb10753e56497294c0999866bb72a3","object":"Shipment"}'
  recorded_at: Tue, 23 Jan 2024 18:51:07 GMT
- request:
    method: post
    uri: https://api.easypost.com/v2/shipments/shp_2ebb10753e56497294c0999866bb72a3/buy
    body:
      encoding: UTF-8
      string: '{"rate":{"id":"rate_2ca499faeba945f694321218c247a45d"},"end_shipper_id":"es_f80ba9b7b2444b6699ab08c2b42eefb7"}'
    headers:
      Accept-Encoding:
      - gzip;q=1.0,deflate;q=0.6,identity;q=0.3
      Accept:
      - "*/*"
      User-Agent: "<REDACTED>"
      Host:
      - api.easypost.com
      Content-Type:
      - application/json
      Authorization: "<REDACTED>"
  response:
    status:
      code: 200
      message: OK
    headers:
      X-Frame-Options:
      - SAMEORIGIN
      X-Xss-Protection:
      - 1; mode=block
      X-Content-Type-Options:
      - nosniff
      X-Download-Options:
      - noopen
      X-Permitted-Cross-Domain-Policies:
      - none
      Referrer-Policy:
      - strict-origin-when-cross-origin
      X-Ep-Request-Uuid:
      - e77cdde965b00a9ce787e19f00074d22
      Cache-Control:
      - private, no-cache, no-store
      Pragma:
      - no-cache
      Expires:
      - '0'
      Content-Type:
      - application/json; charset=utf-8
      X-Runtime:
      - '0.819333'
      Transfer-Encoding:
      - chunked
      X-Node:
      - bigweb31nuq
      X-Version-Label:
      - easypost-202401222120-581bacedf7-master
      X-Backend:
      - easypost
      X-Proxied:
      - extlb2nuq 003ad9bca0
      - intlb1nuq 1a7e326d32
      Strict-Transport-Security:
      - max-age=31536000; includeSubDomains; preload
    body:
      encoding: UTF-8
      string: '{"created_at":"2024-01-23T18:51:07Z","is_return":false,"messages":[{"carrier":"DhlEcs","carrier_account_id":"ca_b437adf5f4c64f3d8823d5ffa776a158","type":"rate_error","message":"Unauthorized.
        Please check credentials and try again"},{"carrier":"DhlEcs","carrier_account_id":"ca_91ae96a5fc1f4cf4aa4b69067df5686b","type":"rate_error","message":"Unauthorized.
        Please check credentials and try again"},{"carrier":"DhlEcs","carrier_account_id":"ca_e94e4fa45aba4058809c9246a48712b3","type":"rate_error","message":"Unauthorized.
        Please check credentials and try again"},{"carrier":"DhlEcs","carrier_account_id":"ca_c02da7bfb4264ea3bcb85c0f760d4a6e","type":"rate_error","message":"Unauthorized.
        Please check credentials and try again"}],"mode":"test","options":{"currency":"USD","payment":{"type":"SENDER"},"date_advance":0},"reference":null,"status":"unknown","tracking_code":"940010020755201175<REDACTED>9","updated_at":"2024-01-23T18:51:08Z","batch_id":null,"batch_status":null,"batch_message":null,"customs_info":null,"from_address":{"id":"adr_5df66dadba2011ee92fdac1f6bc539aa","object":"Address","created_at":"2024-01-23T18:51:07+00:00","updated_at":"2024-01-23T18:51:07+00:00","name":"Jack
        Sparrow","company":null,"street1":"388 Townsend St","street2":"Apt 20","city":"San
        Francisco","state":"CA","zip":"94107","country":"US","phone":"<REDACTED>","email":"<REDACTED>","mode":"test","carrier_facility":null,"residential":null,"federal_tax_id":null,"state_tax_id":null,"verifications":{}},"insurance":null,"order_id":null,"parcel":{"id":"prcl_e0f0e6446ba24d87bd0be30b570883ec","object":"Parcel","created_at":"2024-01-23T18:51:07Z","updated_at":"2024-01-23T18:51:07Z","length":10.0,"width":8.0,"height":4.0,"predefined_package":null,"weight":15.4,"mode":"test"},"postage_label":{"object":"PostageLabel","id":"pl_8a059c162d8f45378b924957a1780f49","created_at":"2024-01-23T18:51:08Z","updated_at":"2024-01-23T18:51:08Z","date_advance":0,"integrated_form":"none","label_date":"2024-01-23T18:51:08Z","label_resolution":300,"label_size":"4x6","label_type":"default","label_file_type":"image/png","label_url":"https://easypost-files.s3.us-west-2.amazonaws.com/files/postage_label/20240123/e861d00f3137d24ff1b2a0f47815af4ca3.png","label_pdf_url":null,"label_zpl_url":null,"label_epl2_url":null,"label_file":null},"rates":[{"id":"rate_875167d8f01540ba9f3595da43d12c9c","object":"Rate","created_at":"2024-01-23T18:51:07Z","updated_at":"2024-01-23T18:51:07Z","mode":"test","service":"Priority","carrier":"USPS","rate":"6.88","currency":"USD","retail_rate":"9.80","retail_currency":"USD","list_rate":"8.25","list_currency":"USD","billing_type":"easypost","delivery_days":2,"delivery_date":null,"delivery_date_guaranteed":false,"est_delivery_days":2,"shipment_id":"shp_2ebb10753e56497294c0999866bb72a3","carrier_account_id":"ca_716f33fd9fd348238b85c2922237f98b"},{"id":"rate_2ca499faeba945f694321218c247a45d","object":"Rate","created_at":"2024-01-23T18:51:07Z","updated_at":"2024-01-23T18:51:07Z","mode":"test","service":"GroundAdvantage","carrier":"USPS","rate":"5.93","currency":"USD","retail_rate":"8.45","retail_currency":"USD","list_rate":"6.40","list_currency":"USD","billing_type":"easypost","delivery_days":3,"delivery_date":null,"delivery_date_guaranteed":false,"est_delivery_days":3,"shipment_id":"shp_2ebb10753e56497294c0999866bb72a3","carrier_account_id":"ca_716f33fd9fd348238b85c2922237f98b"},{"id":"rate_4f646e2fd61d4e828fc4a3fa09327fad","object":"Rate","created_at":"2024-01-23T18:51:07Z","updated_at":"2024-01-23T18:51:07Z","mode":"test","service":"First","carrier":"USPS","rate":"5.93","currency":"USD","retail_rate":"8.45","retail_currency":"USD","list_rate":"6.40","list_currency":"USD","billing_type":"easypost","delivery_days":3,"delivery_date":null,"delivery_date_guaranteed":false,"est_delivery_days":3,"shipment_id":"shp_2ebb10753e56497294c0999866bb72a3","carrier_account_id":"ca_716f33fd9fd348238b85c2922237f98b"},{"id":"rate_835b2e2ee85f4773871f2136d8bbada2","object":"Rate","created_at":"2024-01-23T18:51:07Z","updated_at":"2024-01-23T18:51:07Z","mode":"test","service":"ParcelSelect","carrier":"USPS","rate":"5.93","currency":"USD","retail_rate":"8.45","retail_currency":"USD","list_rate":"6.40","list_currency":"USD","billing_type":"easypost","delivery_days":3,"delivery_date":null,"delivery_date_guaranteed":false,"est_delivery_days":3,"shipment_id":"shp_2ebb10753e56497294c0999866bb72a3","carrier_account_id":"ca_716f33fd9fd348238b85c2922237f98b"},{"id":"rate_37d1262b1d2c48cfa46e64951d9685c4","object":"Rate","created_at":"2024-01-23T18:51:07Z","updated_at":"2024-01-23T18:51:07Z","mode":"test","service":"Express","carrier":"USPS","rate":"33.10","currency":"USD","retail_rate":"37.90","retail_currency":"USD","list_rate":"33.10","list_currency":"USD","billing_type":"easypost","delivery_days":null,"delivery_date":null,"delivery_date_guaranteed":false,"est_delivery_days":null,"shipment_id":"shp_2ebb10753e56497294c0999866bb72a3","carrier_account_id":"ca_716f33fd9fd348238b85c2922237f98b"}],"refund_status":null,"scan_form":null,"selected_rate":{"id":"rate_2ca499faeba945f694321218c247a45d","object":"Rate","created_at":"2024-01-23T18:51:08Z","updated_at":"2024-01-23T18:51:08Z","mode":"test","service":"GroundAdvantage","carrier":"USPS","rate":"5.93","currency":"USD","retail_rate":"8.45","retail_currency":"USD","list_rate":"6.40","list_currency":"USD","billing_type":"easypost","delivery_days":3,"delivery_date":null,"delivery_date_guaranteed":false,"est_delivery_days":3,"shipment_id":"shp_2ebb10753e56497294c0999866bb72a3","carrier_account_id":"ca_716f33fd9fd348238b85c2922237f98b"},"tracker":{"id":"trk_c5ced09354614a66997bd7809a2f824d","object":"Tracker","mode":"test","tracking_code":"940010020755201175<REDACTED>9","status":"unknown","status_detail":"unknown","created_at":"2024-01-23T18:51:09Z","updated_at":"2024-01-23T18:51:09Z","signed_by":null,"weight":null,"est_delivery_date":null,"shipment_id":"shp_2ebb10753e56497294c0999866bb72a3","carrier":"USPS","tracking_details":[],"fees":[],"carrier_detail":null,"public_url":"https://track.easypost.com/djE6dHJrX2M1Y2VkMDkzNTQ2MTRhNjY5OTdiZDc4MDlhMmY4MjRk"},"to_address":{"id":"adr_5df46000ba2011eea23dac1f6bc53342","object":"Address","created_at":"2024-01-23T18:51:07+00:00","updated_at":"2024-01-23T18:51:08+00:00","name":"ELIZABETH
        SWAN","company":null,"street1":"179 N HARBOR DR","street2":"","city":"REDONDO
        BEACH","state":"CA","zip":"90277-2506","country":"US","phone":"<REDACTED>","email":"<REDACTED>","mode":"test","carrier_facility":null,"residential":false,"federal_tax_id":null,"state_tax_id":null,"verifications":{"zip4":{"success":true,"errors":[],"details":null},"delivery":{"success":true,"errors":[],"details":{"latitude":33.8436,"longitude":-118.39177,"time_zone":"America/Los_Angeles"}}}},"usps_zone":4,"return_address":{"id":"adr_5df66dadba2011ee92fdac1f6bc539aa","object":"Address","created_at":"2024-01-23T18:51:07+00:00","updated_at":"2024-01-23T18:51:07+00:00","name":"Jack
        Sparrow","company":null,"street1":"388 Townsend St","street2":"Apt 20","city":"San
        Francisco","state":"CA","zip":"94107","country":"US","phone":"<REDACTED>","email":"<REDACTED>","mode":"test","carrier_facility":null,"residential":null,"federal_tax_id":null,"state_tax_id":null,"verifications":{}},"buyer_address":{"id":"adr_5df46000ba2011eea23dac1f6bc53342","object":"Address","created_at":"2024-01-23T18:51:07+00:00","updated_at":"2024-01-23T18:51:08+00:00","name":"ELIZABETH
        SWAN","company":null,"street1":"179 N HARBOR DR","street2":"","city":"REDONDO
        BEACH","state":"CA","zip":"90277-2506","country":"US","phone":"<REDACTED>","email":"<REDACTED>","mode":"test","carrier_facility":null,"residential":false,"federal_tax_id":null,"state_tax_id":null,"verifications":{"zip4":{"success":true,"errors":[],"details":null},"delivery":{"success":true,"errors":[],"details":{"latitude":33.8436,"longitude":-118.39177,"time_zone":"America/Los_Angeles"}}}},"forms":[],"fees":[{"object":"Fee","type":"LabelFee","amount":"0.01000","charged":true,"refunded":false},{"object":"Fee","type":"PostageFee","amount":"5.93000","charged":true,"refunded":false}],"id":"shp_2ebb10753e56497294c0999866bb72a3","object":"Shipment"}'
  recorded_at: Tue, 23 Jan 2024 18:51:09 GMT
recorded_with: VCR 6.2.0
